
=== Сброс хранилища в пустое состояние ===
storage/notes.json := []

=== 1. Список на пустом хранилище ===
{"success":true,"data":{"items":[]}}
ok    пустой список (HTTP 200)
ok    items пуст

=== 2. Создание заметки: нормализация тегов ===
{"success":true,"data":{"id":"e416ed10-4e94-4562-8dad-a31db68a004e","title":"Созвон с командой","content":"Обсудить сроки","tags":["РАБОТА","WORK"],"createdAt":"2026-08-17T20:54:57+00:00","updatedAt":"2026-08-17T20:54:57+00:00"}}
ok    создание (HTTP 201)
ok    теги нормализованы
id = e416ed10-4e94-4562-8dad-a31db68a004e

=== 3. Чтение созданной заметки ===
{"success":true,"data":{"id":"e416ed10-4e94-4562-8dad-a31db68a004e","title":"Созвон с командой","content":"Обсудить сроки","tags":["РАБОТА","WORK"],"createdAt":"2026-08-17T20:54:57+00:00","updatedAt":"2026-08-17T20:54:57+00:00"}}
ok    чтение по id (HTTP 200)

=== 4. Ошибка: пустой тег ===
{"success":false,"error":{"code":"VALIDATION_ERROR","message":"Переданные данные не прошли проверку","fields":{"tags.0":["Тег не может быть пустым"]}}}
ok    пустой тег (HTTP 422)
ok    указан индекс тега

=== 5. Ошибка: неизвестное поле ===
{"success":false,"error":{"code":"VALIDATION_ERROR","message":"Переданные данные не прошли проверку","fields":{"colour":["Неизвестное поле"]}}}
ok    лишнее поле (HTTP 422)
ok    названо лишнее поле

=== 6. Ошибка: битый JSON ===
{"success":false,"error":{"code":"BAD_REQUEST","message":"Тело запроса не является корректным JSON"}}
ok    битый JSON (HTTP 400)

=== 7. Пустой JSON-объект — ошибка валидации, не разбора ===
{"success":false,"error":{"code":"VALIDATION_ERROR","message":"Переданные данные не прошли проверку","fields":{"title":["Поле title обязательно и должно быть непустой строкой"]}}}
ok    тело {} (HTTP 422)

=== 8. PUT — полная замена ===
{"success":true,"data":{"id":"e416ed10-4e94-4562-8dad-a31db68a004e","title":"Созвон перенесён","content":"Новый текст","tags":["РАБОТА","СРОЧНОЕ"],"createdAt":"2026-08-17T20:54:57+00:00","updatedAt":"2026-08-17T20:54:58+00:00"}}
ok    замена (HTTP 200)

=== 9. Повторный PUT тем же телом — идемпотентность ===
{"success":true,"data":{"id":"e416ed10-4e94-4562-8dad-a31db68a004e","title":"Созвон перенесён","content":"Новый текст","tags":["РАБОТА","СРОЧНОЕ"],"createdAt":"2026-08-17T20:54:57+00:00","updatedAt":"2026-08-17T20:54:58+00:00"}}
ok    повторная замена (HTTP 200)
ok    updatedAt не изменился (2026-08-17T20:54:58+00:00)

=== 10. PUT по несуществующему id ===
{"success":false,"error":{"code":"NOTE_NOT_FOUND","message":"Заметка не найдена"}}
ok    PUT в никуда (HTTP 404)

=== 11. Метод не поддержан ===
{"success":false,"error":{"code":"METHOD_NOT_ALLOWED","message":"Метод не поддерживается для этого пути"}}
ok    PATCH (HTTP 405)

=== 12. Неизвестный маршрут ===
{"success":false,"error":{"code":"ROUTE_NOT_FOUND","message":"Запрошенный ресурс не найден"}}
ok    неизвестный путь (HTTP 404)

=== 13. Фильтр по тегам, mode=all по умолчанию ===
{"success":true,"data":{"items":[{"id":"e416ed10-4e94-4562-8dad-a31db68a004e","title":"Созвон перенесён","content":"Новый текст","tags":["РАБОТА","СРОЧНОЕ"],"createdAt":"2026-08-17T20:54:57+00:00","updatedAt":"2026-08-17T20:54:58+00:00"}]}}
ok    фильтр all (HTTP 200)

=== 14. Фильтр mode=any ===
{"success":true,"data":{"items":[{"id":"e416ed10-4e94-4562-8dad-a31db68a004e","title":"Созвон перенесён","content":"Новый текст","tags":["РАБОТА","СРОЧНОЕ"],"createdAt":"2026-08-17T20:54:57+00:00","updatedAt":"2026-08-17T20:54:58+00:00"}]}}
ok    фильтр any (HTTP 200)

=== 15. Ошибка: неверный mode ===
{"success":false,"error":{"code":"VALIDATION_ERROR","message":"Переданные данные не прошли проверку","fields":{"mode":["Допустимые значения: all, any"]}}}
ok    mode=wrong (HTTP 422)

=== 16. Ошибка: массив вместо строки в параметре ===
{"success":false,"error":{"code":"VALIDATION_ERROR","message":"Переданные данные не прошли проверку","fields":{"mode":["Ожидается одно строковое значение"]}}}
ok    mode[]=any (HTTP 422)

=== 17. Аналитика: топ тегов ===
{"success":true,"data":{"items":[{"tag":"РАБОТА","count":1},{"tag":"СРОЧНОЕ","count":1}]}}
ok    топ тегов (HTTP 200)

=== 18. Ошибка: limit=0 ===
{"success":false,"error":{"code":"VALIDATION_ERROR","message":"Переданные данные не прошли проверку","fields":{"limit":["Допустимый диапазон: 1..100"]}}}
ok    limit=0 (HTTP 422)

=== 19. Удаление заметки ===

ok    удаление (HTTP 204)

=== 20. Повторное удаление ===
{"success":false,"error":{"code":"NOTE_NOT_FOUND","message":"Заметка не найдена"}}
ok    повторное удаление (HTTP 404)

=== 21. Состояние хранилища: пустой файл (0 байт) ===
{"success":true,"data":{"items":[]}}
ok    пустой файл (HTTP 200)

=== 22. Состояние хранилища: файла нет ===
{"success":true,"data":{"items":[]}}
ok    файла нет (HTTP 200)
ok    список пуст

=== 23. Состояние хранилища: файл испорчен ===
{"success":false,"error":{"code":"STORAGE_CORRUPTED","message":"Файл хранилища повреждён"}}
ok    испорченный файл (HTTP 500)
ok    код STORAGE_CORRUPTED

=== 24. Испорченный файл не затирается записью ===
{"success":false,"error":{"code":"STORAGE_CORRUPTED","message":"Файл хранилища повреждён"}}
ok    запись отклонена (HTTP 500)
ok    содержимое файла не изменилось

=== 25. Порча на уровне записи тоже блокирует запись ===
{"success":false,"error":{"code":"STORAGE_CORRUPTED","message":"Файл хранилища повреждён"}}
ok    DELETE по испорченной записи (HTTP 500)
ok    запись на месте

=== ИТОГ ===
пройдено: 34, провалено: 0
